[www.talensetustaffing.com/index.html]
[backblue.gif]
[fade.gif]
[index.html]
[www.talensetustaffing.com/favicon.ico]
[www.talensetustaffing.com/css/bootstrap.css]
[www.talensetustaffing.com/css/style.css]
[maxcdn.bootstrapcdn.com/font-awesome/4.7.0/css/font-awesome.min.css]
[www.talensetustaffing.com/css/validation/validation.css]
[www.talensetustaffing.com/css/animate.css]
[www.talensetustaffing.com/index-2.html]
[www.talensetustaffing.com/images/talensetu-logo.png]
[www.talensetustaffing.com/about-us.html]
[www.talensetustaffing.com/services-landing.html]
[www.talensetustaffing.com/Manpower-Supply-Services.html]
[www.talensetustaffing.com/payroll-outsourcing-services.html]
[www.talensetustaffing.com/contract-to-hire-staffing.html]
[www.talensetustaffing.com/national-apprenticeship-promotion-scheme-naps.html]
[www.talensetustaffing.com/facility-management-housekeeping-services-pune.html]
[www.talensetustaffing.com/industries-landing.html]
[www.talensetustaffing.com/engineering-manufacturing-staffing-services.html]
[www.talensetustaffing.com/retail-staffing-services.html]
[www.talensetustaffing.com/it-staffing-services.html]
[www.talensetustaffing.com/ites-suffing-serivces.html]
[www.talensetustaffing.com/bfsi-staffing-services.html]
[www.talensetustaffing.com/telecom-staffing-services.html]
[www.talensetustaffing.com/International-Recruitment.html]
[www.talensetustaffing.com/Categories-of-Technician.html]
[www.talensetustaffing.com/Categories-of-Recruitment.html]
[www.talensetustaffing.com/Civil-Construction-Industry.html]
[www.talensetustaffing.com/Oil-and-Gas-Industry.html]
[www.talensetustaffing.com/Oil-Fields-and-Refinery-Industry.html]
[www.talensetustaffing.com/Petrochemical-&-Process-Industry.html]
[www.talensetustaffing.com/Manufacturing-Industry.html]
[www.talensetustaffing.com/Infrastructure-Industry.html]
[www.talensetustaffing.com/Power-and-Utility-Industry.html]
[www.talensetustaffing.com/Steel-Fabrication-Industry.html]
[www.talensetustaffing.com/Medical-and-Hospital-Industry.html]
[www.talensetustaffing.com/Information-Technology.html]
[www.talensetustaffing.com/jobopenings-demo.html]
[www.talensetustaffing.com/jobopenings-international.html]
[www.talensetustaffing.com/contact-us.html]
[www.talensetustaffing.com/enquiry.html]
[www.talensetustaffing.com/images/banner/banner1.jpg]
[www.talensetustaffing.com/images/banner/banner2.jpg]
[www.talensetustaffing.com/images/banner/banner3.jpg]
[www.talensetustaffing.com/images/about-us.jpg]
[www.talensetustaffing.com/images/icon/manufacturing-icon.png]
[www.talensetustaffing.com/images/icon/retail-icon.png]
[www.talensetustaffing.com/images/icon/it-icon.png]
[www.talensetustaffing.com/ites-staffing-serivces.html]
[www.talensetustaffing.com/images/icon/bfsi-icon.png]
[www.talensetustaffing.com/images/icon/telecom-icon.png]
[www.talensetustaffing.com/privacy_policy.html]
[www.talensetustaffing.com/contract-staffing.html]
[www.talensetustaffing.com/images/verification/D.gif]
[www.talensetustaffing.com/images/verification/4.gif]
[www.talensetustaffing.com/images/verification/9.gif]
[www.talensetustaffing.com/images/verification/0.gif]
[www.talensetustaffing.com/js/jquery.validate.js]
[ajax.googleapis.com/ajax/libs/jquery/1.12.4/jquery.min.js]
[www.talensetustaffing.com/js/bootstrap.min.js]
[www.talensetustaffing.com/js/wow.js]
[www.talensetustaffing.com/js/validation/jquery.validate.min.js]
[www.talensetustaffing.com/js/validation/additional-methods.min.js]
[www.talensetustaffing.com/js/validation/checkvalidation.js]
[www.talensetustaffing.com/js/validation/checkvalidation-candidate.js]
[www.talensetustaffing.com/js/validation/checkvalidation-employer.js]
[www.talensetustaffing.com/js/allscript.js]
[www.talensetustaffing.com/index.html]
[www.talensetustaffing.com/fonts/glyphicons-halflings-regular.eot]
[www.talensetustaffing.com/fonts/glyphicons-halflings-regulard41d.eot]
[www.talensetustaffing.com/fonts/glyphicons-halflings-regular.woff2]
[www.talensetustaffing.com/fonts/glyphicons-halflings-regular.woff]
[www.talensetustaffing.com/fonts/glyphicons-halflings-regular.ttf]
[www.talensetustaffing.com/css/bootstrap.css]
[www.talensetustaffing.com/images/servicesBg.jpg]
[www.talensetustaffing.com/images/enquiryBg.jpg]
[www.talensetustaffing.com/css/style.css]
[maxcdn.bootstrapcdn.com/font-awesome/4.7.0/css/font-awesome.min.css]
[www.talensetustaffing.com/css/validation/validation.css]
[www.talensetustaffing.com/css/animate.css]
[www.talensetustaffing.com/images/verification/F.gif]
[www.talensetustaffing.com/images/verification/7.gif]
[www.talensetustaffing.com/index-2.html]
[www.talensetustaffing.com/images/internalBanner/aboutus-banner.jpg]
[www.talensetustaffing.com/pdf/iso-90012015-certified-company-in-india.pdf]
[www.talensetustaffing.com/images/iso-90012015-certified-company-in-india.jpg]
[www.talensetustaffing.com/images/group_comp/Amigo.jpg]
[www.talensetustaffing.com/images/group_comp/rvc_logo.png]
[www.talensetustaffing.com/images/group_comp/TSSTF Logo.jpg]
[www.talensetustaffing.com/images/verification/A.gif]
[www.talensetustaffing.com/images/verification/5.gif]
[www.talensetustaffing.com/images/verification/8.gif]
[www.talensetustaffing.com/about-us.html]
[www.talensetustaffing.com/temporary-staffing-services.html]
[www.talensetustaffing.com/images/icon/staffing-icon.png]
[www.talensetustaffing.com/permanent-staffing.html]
[www.talensetustaffing.com/images/icon/permanent-icon1.png]
[www.talensetustaffing.com/images/icon/contract-icon.png]
[www.talensetustaffing.com/images/icon/contract-to-hire-icon.png]
[www.talensetustaffing.com/RPO.html]
[www.talensetustaffing.com/images/icon/ROP-icon.png]
[www.talensetustaffing.com/images/icon/payrool-icon.png]
[www.talensetustaffing.com/services-landing.html]
[www.talensetustaffing.com/Manpower-Supply-Services.html]
[www.talensetustaffing.com/images/verification/6.gif]
[www.talensetustaffing.com/images/verification/E.gif]
[www.talensetustaffing.com/payroll-outsourcing-services.html]
[www.talensetustaffing.com/contract-to-hire-staffing.html]
[www.talensetustaffing.com/national-apprenticeship-promotion-scheme-naps.html]
[www.talensetustaffing.com/facility-management-housekeeping-services-pune.html]
[www.talensetustaffing.com/images/icon/it-icon1.png]
[www.talensetustaffing.com/images/icon/bfsi-icon1.png]
[www.talensetustaffing.com/images/icon/retail-icon1.png]
[www.talensetustaffing.com/images/icon/telecom-icon1.png]
[www.talensetustaffing.com/images/icon/manufacturing-icon1.png]
[www.talensetustaffing.com/images/verification/B.gif]
[www.talensetustaffing.com/industries-landing.html]
[www.talensetustaffing.com/engineering-manufacturing-staffing-services.html]
[www.talensetustaffing.com/retail-staffing-services.html]
[www.talensetustaffing.com/it-staffing-services.html]
[www.talensetustaffing.com/ites-suffing-serivces.html]
[www.talensetustaffing.com/bfsi-staffing-services.html]
[www.talensetustaffing.com/telecom-staffing-services.html]
[www.talensetustaffing.com/images/icon/Categories-of-Technician.png]
[www.talensetustaffing.com/images/icon/Categories-of-Recruitment.png]
[www.talensetustaffing.com/International-Recruitment.html]
[www.talensetustaffing.com/images/verification/1.gif]
[www.talensetustaffing.com/Categories-of-Technician.html]
[www.talensetustaffing.com/Categories-of-Recruitment.html]
[www.talensetustaffing.com/Civil-Construction-Industry.html]
[www.talensetustaffing.com/images/International_img/oil_and_gas_industry.jpg]
[www.talensetustaffing.com/images/verification/C.gif]
[www.talensetustaffing.com/Oil-and-Gas-Industry.html]
[www.talensetustaffing.com/images/International_img/oil_field_and_refinery_industry.jpg]
[www.talensetustaffing.com/Oil-Fields-and-Refinery-Industry.html]
[www.talensetustaffing.com/images/International_img/petrochemical_industry.jpg]
[www.talensetustaffing.com/Petrochemical-&-Process-Industry.html]
[www.talensetustaffing.com/images/International_img/Manufacturing_Industry.jpg]
[www.talensetustaffing.com/Manufacturing-Industry.html]
[www.talensetustaffing.com/Infrastructure-Industry.html]
[www.talensetustaffing.com/images/International_img/Power_and_Utility_Industry.jpg]
[www.talensetustaffing.com/images/verification/2.gif]
[www.talensetustaffing.com/Power-and-Utility-Industry.html]
[www.talensetustaffing.com/images/International_img/Steel_Fabrication_Industry.jpg]
[www.talensetustaffing.com/Steel-Fabrication-Industry.html]
[www.talensetustaffing.com/images/International_img/Medical_and_Hospital_Industry.jpg]
[www.talensetustaffing.com/Medical-and-Hospital-Industry.html]
[www.talensetustaffing.com/images/International_img/Information_Technology.jpg]
[www.talensetustaffing.com/Information-Technology.html]
[www.talensetustaffing.com/business-development-manager9489.html]
[www.talensetustaffing.com/head–finance-accounts-admin2c70.html]
[www.talensetustaffing.com/images/verification/3.gif]
[www.talensetustaffing.com/jobopenings-demo.html]
[cdn.datatables.net/1.10.20/css/dataTables.bootstrap.min.css]
[www.talensetustaffing.com/fabricator061a.html]
[www.talensetustaffing.com/Machinist4cbd.html]
[www.talensetustaffing.com/QA_QC_Inspection_Engineercd17.html]
[www.talensetustaffing.com/Welding_Engineerb5ed.html]
[www.talensetustaffing.com/Assistant_Production_Managerabb8.html]
[www.talensetustaffing.com/Procurement_Engineer_Mechanicalc1fb.html]
[www.talensetustaffing.com/Instrumentation_Engineerea8c.html]
[www.talensetustaffing.com/Draftsman9d3d.html]
[www.talensetustaffing.com/Instrumentation-&-Control-Design-Engineer15228.html]
[www.talensetustaffing.com/Lead_QAQC_Inspection_Engineer7037.html]
[www.talensetustaffing.com/Structural-Fabricatorf1d5.html]
[www.talensetustaffing.com/6G-Welderaebb.html]
[www.talensetustaffing.com/Metallurgy-Welding-Engineerc3c8.html]
[www.talensetustaffing.com/Thermal-Design-Engineer888b.html]
[www.talensetustaffing.com/Qc-Manager547c.html]
[cdn.datatables.net/1.10.20/js/jquery.dataTables.min.js]
[www.talensetustaffing.com/jobopenings-international.html]
[cdn.datatables.net/1.10.20/js/dataTables.bootstrap.min.js]
[www.talensetustaffing.com/contact-us.html]
[www.google.com/recaptcha/api.js]
[www.talensetustaffing.com/enquiry.html]
[www.talensetustaffing.com/ites-staffing-serivces.html]
[www.talensetustaffing.com/privacy_policy.html]
[www.talensetustaffing.com/contract-staffing.html]
[www.talensetustaffing.com/Overseas-Training.html]
[www.talensetustaffing.com/fonts/glyphicons-halflings-regular.svg]
[www.talensetustaffing.com/temporary-staffing-services.html]
[www.talensetustaffing.com/permanent-staffing.html]
[www.talensetustaffing.com/RPO.html]
[www.talensetustaffing.com/images/International_img/Civil_Construction.html]
[www.talensetustaffing.com/images/International_img/Infrastructure_Industry.html]
[www.talensetustaffing.com/business-development-manager9489.html]
[www.talensetustaffing.com/head–finance-accounts-admin2c70.html]
[cdn.datatables.net/1.10.20/css/dataTables.bootstrap.min.css]
[www.talensetustaffing.com/fabricator061a.html]
[www.talensetustaffing.com/Machinist4cbd.html]
[www.talensetustaffing.com/QA_QC_Inspection_Engineercd17.html]
[www.talensetustaffing.com/Welding_Engineerb5ed.html]
[www.talensetustaffing.com/Assistant_Production_Managerabb8.html]
[www.talensetustaffing.com/Procurement_Engineer_Mechanicalc1fb.html]
[www.talensetustaffing.com/Instrumentation_Engineerea8c.html]
[www.talensetustaffing.com/Draftsman9d3d.html]
[www.talensetustaffing.com/Instrumentation-&-Control-Design-Engineer15228.html]
[www.talensetustaffing.com/Lead_QAQC_Inspection_Engineer7037.html]
[www.talensetustaffing.com/Structural-Fabricatorf1d5.html]
[www.talensetustaffing.com/6G-Welderaebb.html]
[www.talensetustaffing.com/Metallurgy-Welding-Engineerc3c8.html]
[www.talensetustaffing.com/Thermal-Design-Engineer888b.html]
[www.talensetustaffing.com/Qc-Manager547c.html]
